// Vitest Snapshot v1, https://vitest.dev/guide/snapshot.html

exports[`Loading > should match snapshot 1`] = `
<div>
  <div
    class="lds-ellipsis "
  >
    <div />
    <div />
    <div />
    <div />
  </div>
</div>
`;
